
> nextn@0.1.0 typecheck
> tsc --noEmit

src/ai/flows/text-to-speech-flow.ts(13,17): error TS7016: Could not find a declaration file for module 'wav'. 'C:/Users/river/euskaLearnV2/node_modules/wav/index.js' implicitly has an 'any' type.
  Try `npm i --save-dev @types/wav` if it exists or add a new declaration (.d.ts) file containing `declare module 'wav';`
src/ai/flows/text-to-speech-flow.ts(41,33): error TS7006: Parameter 'd' implicitly has an 'any' type.
src/app/progress/page.tsx(122,84): error TS7053: Element implicitly has an 'any' type because expression of type 'string' can't be used to index type '{ Absolutive?: undefined; Ergative?: undefined; Inessive?: undefined; } | { Absolutive: number; Ergative: number; Inessive: number; }'.
  No index signature with a parameter of type 'string' was found on type '{ Absolutive?: undefined; Ergative?: undefined; Inessive?: undefined; } | { Absolutive: number; Ergative: number; Inessive: number; }'.
src/app/progress/page.tsx(124,34): error TS7053: Element implicitly has an 'any' type because expression of type 'string' can't be used to index type '{ Absolutive?: undefined; Ergative?: undefined; Inessive?: undefined; } | { Absolutive: number; Ergative: number; Inessive: number; }'.
  No index signature with a parameter of type 'string' was found on type '{ Absolutive?: undefined; Ergative?: undefined; Inessive?: undefined; } | { Absolutive: number; Ergative: number; Inessive: number; }'.
src/components/features/error-analysis.tsx(61,19): error TS2345: Argument of type '{ identifiedMorphemes: string; errorHeatmap: string; } | undefined' is not assignable to parameter of type 'SetStateAction<AnalysisResult>'.
  Type 'undefined' is not assignable to type 'SetStateAction<AnalysisResult>'.
src/components/features/example-sentences.tsx(56,22): error TS2345: Argument of type '{ error: string; data?: undefined; } | { data: { breakdown: { explanation: string; morpheme: string; }[]; }; error?: undefined; }' is not assignable to parameter of type 'SetStateAction<{ data: { breakdown: GrammarPoint[]; } | null; error: string | null; }>'.
  Type '{ error: string; data?: undefined; }' is not assignable to type 'SetStateAction<{ data: { breakdown: GrammarPoint[]; } | null; error: string | null; }>'.
    Type '{ error: string; data?: undefined; }' is not assignable to type '{ data: { breakdown: GrammarPoint[]; } | null; error: string | null; }'.
      Types of property 'data' are incompatible.
        Type 'undefined' is not assignable to type '{ breakdown: GrammarPoint[]; } | null'.
src/components/features/example-sentences.tsx(109,16): error TS2345: Argument of type '{ error: string; data?: undefined; } | { data: { examples: { basque: string; english: string; }[]; }; error?: undefined; }' is not assignable to parameter of type 'SetStateAction<{ data: { examples: SentenceExample[]; } | null; error: string | null; }>'.
  Type '{ error: string; data?: undefined; }' is not assignable to type 'SetStateAction<{ data: { examples: SentenceExample[]; } | null; error: string | null; }>'.
    Type '{ error: string; data?: undefined; }' is not assignable to type '{ data: { examples: SentenceExample[]; } | null; error: string | null; }'.
      Types of property 'data' are incompatible.
        Type 'undefined' is not assignable to type '{ examples: SentenceExample[]; } | null'.
src/components/ui/calendar.tsx(57,9): error TS2353: Object literal may only specify known properties, and 'IconLeft' does not exist in type 'Partial<CustomComponents>'.
src/components/ui/calendar.tsx(57,22): error TS7031: Binding element 'className' implicitly has an 'any' type.
src/components/ui/calendar.tsx(60,23): error TS7031: Binding element 'className' implicitly has an 'any' type.
src/lib/vocabulary.ts(10,14): error TS2322: Type '({ basque: string; english: string; category: string; tense?: undefined; } | { basque: string; english: string; category: string; tense: string; })[]' is not assignable to type 'Word[]'.
  Type '{ basque: string; english: string; category: string; tense?: undefined; } | { basque: string; english: string; category: string; tense: string; }' is not assignable to type 'Word'.
    Type '{ basque: string; english: string; category: string; tense?: undefined; }' is not assignable to type 'Word'.
      Types of property 'category' are incompatible.
        Type 'string' is not assignable to type '"number" | "suffix" | "verb" | "noun" | "adjective" | "adverb" | "conjunction" | "pronoun" | "preposition"'.
